C51 COMPILER V8.06   TEXT1                                                                 11/13/2022 23:25:40 PAGE 1   


C51 COMPILER V8.06, COMPILATION OF MODULE TEXT1
OBJECT MODULE PLACED IN Text1.OBJ
COMPILER INVOKED BY: D:\单片机\C51\BIN\C51.EXE Text1.c BROWSE DEBUG OBJECTEXTEND

line level    source

   1                  #include<reg52.h>
   2          typedef unsigned int u16 ;
   3          typedef unsigned char u8 ;
   4          //通过s1-s16按键，在数码管显示0-F 
   5          
   6          #define KEY_MATRIX_PORT P1 //矩阵按键端口 
   7          
   8          #define SMG_A_DP_PORT P0 //数码管端口 
   9          
  10          //共阴极数码管显示0~F的段码数据
  11          u8 gsmg_code[17]={0x3f,0x06,0x5b,0x4f,0x66,0x6d,0x7d,0x07,
  12                                          0x7f,0x6f,0x77,0x7c,0x39,0x5e,0x79,0x71};
  13          
  14          //延时函数 
  15          void delay_us(u16 ten_us){//ten_us=1大概延时10us 
  16   1              while(ten_us--){
  17   2              }
  18   1      } 
  19          
  20          //行列式扫描的函数 
  21          u8 key_matrix_ranks_scan(void){
  22   1              u8 key_value=0; 
  23   1              
  24   1              //第一列按键按下 
  25   1              KEY_MATRIX_PORT=0xf7;//设第一列为低电平 P1^3为低电平
  26   1              if(KEY_MATRIX_PORT!=0xf7){//代表有按键按下  电平发生改变 
  27   2                      delay_us(1000);//消抖
  28   2                      switch(KEY_MATRIX_PORT){
  29   3                              case 0x77:/*S1按键按下*/ key_value=1;break; 
  30   3                              case 0xb7:/*S5按键按下*/ key_value=5;break;
  31   3                              case 0xd7:/*S9按键按下*/ key_value=9;break;
  32   3                              case 0xe7:/*S13按键按下*/ key_value=13;break;
  33   3                      } 
  34   2              } 
  35   1              while(KEY_MATRIX_PORT!=0xf7);//等待按键松开 条件满足即代表按键松开
  36   1              
  37   1              //第二列按键按下 
  38   1              KEY_MATRIX_PORT=0xfb;//设第二列为低电平 P1^3为低电平
  39   1              if(KEY_MATRIX_PORT !=0xfb){//代表有按键按下  电平发生改变 
  40   2                      delay_us(1000);//消抖
  41   2                      switch(KEY_MATRIX_PORT){
  42   3                              case 0x7b:/*S2按键按下*/ key_value=2;break; 
  43   3                              case 0xbb:/*S6按键按下*/ key_value=6;break;
  44   3                              case 0xdb:/*S10按键按下*/ key_value=10;break;
  45   3                              case 0xeb:/*S14按键按下*/ key_value=14;break;
  46   3                      } 
  47   2              } 
  48   1              while(KEY_MATRIX_PORT !=0xfb);//等待按键松开 条件满足即代表按键松开
  49   1              
  50   1              //第三列按键按下 
  51   1              KEY_MATRIX_PORT=0xfd;//设第三列为低电平 P1^3为低电平
  52   1              if(KEY_MATRIX_PORT !=0xfd){//代表有按键按下  电平发生改变 
  53   2                      delay_us(1000);//消抖
  54   2                      switch(KEY_MATRIX_PORT){
  55   3                              case 0x7d:/*S3按键按下*/ key_value=3;break; 
C51 COMPILER V8.06   TEXT1                                                                 11/13/2022 23:25:40 PAGE 2   

  56   3                              case 0xbd:/*S7按键按下*/ key_value=7;break;
  57   3                              case 0xdd:/*S11按键按下*/ key_value=11;break;
  58   3                              case 0xed:/*S15按键按下*/ key_value=15;break;
  59   3                      } 
  60   2              } 
  61   1              while(KEY_MATRIX_PORT!=0xfd);//等待按键松开 条件满足即代表按键松开
  62   1      
  63   1              //第四列按键按下 
  64   1              KEY_MATRIX_PORT=0xfe;//设第四列为低电平 P1^3为低电平
  65   1              if(KEY_MATRIX_PORT !=0xfe){//代表有按键按下  电平发生改变 
  66   2                      delay_us(1000);//消抖
  67   2                      switch(KEY_MATRIX_PORT){
  68   3                              case 0x7e:/*S4按键按下*/ key_value=4 ;break; 
  69   3                              case 0xbe:/*S8按键按下*/ key_value=8;break;
  70   3                              case 0xde:/*S12按键按下*/ key_value=12;break;
  71   3                              case 0xee:/*S16按键按下*/ key_value=16;break;
  72   3                      } 
  73   2              } 
  74   1              while(KEY_MATRIX_PORT !=0xfe);//等待按键松开 条件满足即代表按键松开
  75   1              
  76   1              return key_value; 
  77   1      } 
  78          
  79          main(){
  80   1              u8 key=0;
  81   1              while(1){
  82   2                      key=key_matrix_ranks_scan();
  83   2                      if(key!=0){
  84   3                              SMG_A_DP_PORT=gsmg_code[key-1];
  85   3                      }
  86   2              }       
  87   1      }


MODULE INFORMATION:   STATIC OVERLAYABLE
   CODE SIZE        =    253    ----
   CONSTANT SIZE    =   ----    ----
   XDATA SIZE       =   ----    ----
   PDATA SIZE       =   ----    ----
   DATA SIZE        =     17       1
   IDATA SIZE       =   ----    ----
   BIT SIZE         =   ----    ----
END OF MODULE INFORMATION.


C51 COMPILATION COMPLETE.  0 WARNING(S),  0 ERROR(S)
